com/smartplacement/util/JavaMailSimulator.class
com/smartplacement/controller/AdminDashboardServlet.class
com/smartplacement/controller/LoginServlet.class
com/smartplacement/dao/AnalyticsDAO.class
com/smartplacement/dao/NotificationDAO.class
com/smartplacement/model/Admin.class
com/smartplacement/controller/StudentLoginServlet.class
com/smartplacement/controller/StudentActionServlet.class
com/smartplacement/model/Feedback.class
com/smartplacement/controller/AdminActionServlet.class
com/smartplacement/controller/StudentRegisterServlet.class
com/smartplacement/controller/RegisterServlet.class
com/smartplacement/controller/CompanyActionServlet.class
com/smartplacement/dao/SavedJobDAO.class
com/smartplacement/model/Company.class
com/smartplacement/controller/SearchServlet.class
com/smartplacement/controller/StudentDashboardServlet.class
com/smartplacement/model/JobDrive.class
com/smartplacement/controller/LogoutServlet.class
com/smartplacement/controller/CompanyLoginServlet.class
com/smartplacement/dao/NotificationDAO$Notification.class
com/smartplacement/controller/CompanyDashboardServlet.class
com/smartplacement/dao/CompanyDAO.class
com/smartplacement/dao/ApplicationDAO.class
com/smartplacement/model/Application.class
com/smartplacement/controller/CompanyRegisterServlet.class
com/smartplacement/dao/FeedbackDAO.class
com/smartplacement/controller/FileUploadServlet.class
com/smartplacement/dao/AdminDAO.class
com/smartplacement/controller/AdminLoginServlet.class
com/smartplacement/model/Student.class
com/smartplacement/dao/JobDriveDAO.class
com/smartplacement/dao/StudentDAO.class
com/smartplacement/util/PasswordUtil.class
com/smartplacement/dao/SavedJobsDAO.class
com/smartplacement/util/DBConnection.class
