/home/admin/eclipse-workspace/SmartPlacement/src/main/java/com/smartplacement/controller/CompanyLoginServlet.java
/home/admin/eclipse-workspace/SmartPlacement/src/main/java/com/smartplacement/controller/SearchServlet.java
/home/admin/eclipse-workspace/SmartPlacement/src/main/java/com/smartplacement/controller/StudentLoginServlet.java
/home/admin/eclipse-workspace/SmartPlacement/src/main/java/com/smartplacement/model/Admin.java
/home/admin/eclipse-workspace/SmartPlacement/src/main/java/com/smartplacement/model/Application.java
/home/admin/eclipse-workspace/SmartPlacement/src/main/java/com/smartplacement/dao/SavedJobsDAO.java
/home/admin/eclipse-workspace/SmartPlacement/src/main/java/com/smartplacement/model/Student.java
/home/admin/eclipse-workspace/SmartPlacement/src/main/java/com/smartplacement/controller/RegisterServlet.java
/home/admin/eclipse-workspace/SmartPlacement/src/main/java/com/smartplacement/controller/FileUploadServlet.java
/home/admin/eclipse-workspace/SmartPlacement/src/main/java/com/smartplacement/controller/StudentActionServlet.java
/home/admin/eclipse-workspace/SmartPlacement/src/main/java/com/smartplacement/controller/LoginServlet.java
/home/admin/eclipse-workspace/SmartPlacement/src/main/java/com/smartplacement/controller/CompanyDashboardServlet.java
/home/admin/eclipse-workspace/SmartPlacement/src/main/java/com/smartplacement/controller/StudentRegisterServlet.java
/home/admin/eclipse-workspace/SmartPlacement/src/main/java/com/smartplacement/dao/CompanyDAO.java
/home/admin/eclipse-workspace/SmartPlacement/src/main/java/com/smartplacement/dao/JobDriveDAO.java
/home/admin/eclipse-workspace/SmartPlacement/src/main/java/com/smartplacement/dao/FeedbackDAO.java
/home/admin/eclipse-workspace/SmartPlacement/src/main/java/com/smartplacement/controller/CompanyRegisterServlet.java
/home/admin/eclipse-workspace/SmartPlacement/src/main/java/com/smartplacement/dao/AdminDAO.java
/home/admin/eclipse-workspace/SmartPlacement/src/main/java/com/smartplacement/controller/LogoutServlet.java
/home/admin/eclipse-workspace/SmartPlacement/src/main/java/com/smartplacement/controller/AdminActionServlet.java
/home/admin/eclipse-workspace/SmartPlacement/src/main/java/com/smartplacement/dao/SavedJobDAO.java
/home/admin/eclipse-workspace/SmartPlacement/src/main/java/com/smartplacement/dao/ApplicationDAO.java
/home/admin/eclipse-workspace/SmartPlacement/src/main/java/com/smartplacement/model/Company.java
/home/admin/eclipse-workspace/SmartPlacement/src/main/java/com/smartplacement/dao/StudentDAO.java
/home/admin/eclipse-workspace/SmartPlacement/src/main/java/com/smartplacement/util/DBConnection.java
/home/admin/eclipse-workspace/SmartPlacement/src/main/java/com/smartplacement/controller/AdminDashboardServlet.java
/home/admin/eclipse-workspace/SmartPlacement/src/main/java/com/smartplacement/dao/NotificationDAO.java
/home/admin/eclipse-workspace/SmartPlacement/src/main/java/com/smartplacement/util/PasswordUtil.java
/home/admin/eclipse-workspace/SmartPlacement/src/main/java/com/smartplacement/controller/CompanyActionServlet.java
/home/admin/eclipse-workspace/SmartPlacement/src/main/java/com/smartplacement/controller/StudentDashboardServlet.java
/home/admin/eclipse-workspace/SmartPlacement/src/main/java/com/smartplacement/dao/AnalyticsDAO.java
/home/admin/eclipse-workspace/SmartPlacement/src/main/java/com/smartplacement/util/JavaMailSimulator.java
/home/admin/eclipse-workspace/SmartPlacement/src/main/java/com/smartplacement/model/JobDrive.java
/home/admin/eclipse-workspace/SmartPlacement/src/main/java/com/smartplacement/model/Feedback.java
/home/admin/eclipse-workspace/SmartPlacement/src/main/java/com/smartplacement/controller/AdminLoginServlet.java
